// Jest Snapshot v1, https://goo.gl/fbAQLP

exports[`AskString component ask short string renders properly 1`] = `
<div>
  <form>
    <input
      aria-label="Value"
      class="textbox focusme"
      name="val"
      value="defaultValue"
    />
    <input
      type="submit"
      value="OK"
    />
  </form>
</div>
`;
