// Jest Snapshot v1, https://goo.gl/fbAQLP

exports[`Attribute component renders properly 1`] = `
<span
  className="attribute"
>
  <span
    className="punc"
  >
     
  </span>
  <span
    className="name"
    onClick={[Function]}
  >
    name
  </span>
  <span
    className="punc"
  >
    =
  </span>
  <span
    className="valueContainer"
    onClick={[Function]}
  >
    <span
      className="punc"
    >
      "
    </span>
    <span
      className="value"
    >
      value
    </span>
    <span
      className="punc"
    >
      "
    </span>
  </span>
</span>
`;
